=== STARTING FALLBACK LOGIC TEST ===
Calling generateWriterTurn for '1_TOPIC'...

[API Call #1] Requesting URL: https://generativelanguage.googleapis.com/v1beta/models/gemini-2.0-flash-exp:generateContent?key=dummy_key_writer
--> SIMULATING QUOTA ERROR for gemini-2.0-flash-exp
Quota hit for gemini-2.0-flash-exp. Retrying in 5s...

[API Call #2] Requesting URL: https://generativelanguage.googleapis.com/v1beta/models/gemini-2.0-flash-exp:generateContent?key=dummy_key_writer
--> SIMULATING QUOTA ERROR for gemini-2.0-flash-exp
Quota hit for gemini-2.0-flash-exp. Retrying in 10s...

[API Call #3] Requesting URL: https://generativelanguage.googleapis.com/v1beta/models/gemini-2.0-flash-exp:generateContent?key=dummy_key_writer
--> SIMULATING QUOTA ERROR for gemini-2.0-flash-exp
Critical Quota Error on gemini-2.0-flash-exp. Switching to Fallback: gemini-1.5-flash

[API Call #4] Requesting URL: https://generativelanguage.googleapis.com/v1beta/models/gemini-1.5-flash:generateContent?key=dummy_key_writer
--> SUCCESS for gemini-1.5-flash (Fallback Model)

=== TEST RESULT ===
Final Output: Fallback response successful! The logic works.
✅ TEST PASSED: System successfully switched to fallback model!
